// Jest Snapshot v1, https://goo.gl/fbAQLP

exports[`should add expense page render correctly 1`] = `
<div>
  <h2>
    CREATE EXPENSE :
  </h2>
  <ExpenseForme
    onSubmit={[Function]}
  />
</div>
`;
