// Jest Snapshot v1, https://goo.gl/fbAQLP

exports[`should dashboard render  1`] = `
<div>
  <Connect(ExpenseFilterInput) />
  <Connect(ExpenseList) />
</div>
`;
